/workspace/stanford-cs336/assignment2-systems/.venv/lib/python3.11/site-packages/torch/_inductor/compile_fx.py:194: UserWarning: TensorFloat32 tensor cores for float32 matrix multiplication available but not enabled. Consider setting `torch.set_float32_matmul_precision('high')` for better performance.
  warnings.warn(
Traceback (most recent call last):
  File "/workspace/stanford-cs336/assignment2-systems/cs336_systems/benchmark.py", line 252, in <module>
    main()
  File "/workspace/stanford-cs336/assignment2-systems/cs336_systems/benchmark.py", line 157, in main
    optimizer.step()
  File "/workspace/stanford-cs336/assignment2-systems/.venv/lib/python3.11/site-packages/torch/optim/optimizer.py", line 493, in wrapper
    out = func(*args, **kwargs)
          ^^^^^^^^^^^^^^^^^^^^^
  File "/workspace/stanford-cs336/assignment2-systems/.venv/lib/python3.11/site-packages/torch/optim/optimizer.py", line 91, in _use_grad
    ret = func(self, *args, **kwargs)
          ^^^^^^^^^^^^^^^^^^^^^^^^^^^
  File "/workspace/stanford-cs336/assignment2-systems/.venv/lib/python3.11/site-packages/torch/optim/adamw.py", line 232, in step
    has_complex = self._init_group(
                  ^^^^^^^^^^^^^^^^^
  File "/workspace/stanford-cs336/assignment2-systems/.venv/lib/python3.11/site-packages/torch/_dynamo/eval_frame.py", line 745, in _fn
    return fn(*args, **kwargs)
           ^^^^^^^^^^^^^^^^^^^
  File "/workspace/stanford-cs336/assignment2-systems/.venv/lib/python3.11/site-packages/torch/optim/adamw.py", line 175, in _init_group
    state["exp_avg_sq"] = torch.zeros_like(
                          ^^^^^^^^^^^^^^^^^
torch.OutOfMemoryError: CUDA out of memory. Tried to allocate 100.00 MiB. GPU 0 has a total capacity of 39.49 GiB of which 43.38 MiB is free. Process 1023621 has 39.44 GiB memory in use. Of the allocated memory 38.84 GiB is allocated by PyTorch, and 111.66 MiB is reserved by PyTorch but unallocated. If reserved but unallocated memory is large try setting PYTORCH_CUDA_ALLOC_CONF=expandable_segments:True to avoid fragmentation.  See documentation for Memory Management  (https://pytorch.org/docs/stable/notes/cuda.html#environment-variables)
